]0;~/Documents/programming/rProjects/tsp_me[?1034h[0;32mfreddydrennan@MNG-IT-M-099[0m:~/Documents/programming/rProjects/tsp_me[0;33m[0m$ [K[0;32mfreddydrennan@MNG-IT-M-099[0m:~/Documents/programming/rProjects/tsp_me[0;33m[0m$ echo "# ts_yourself" >>  README.md
]0;~/Documents/programming/rProjects/tsp_me[0;32mfreddydrennan@MNG-IT-M-099[0m:~/Documents/programming/rProjects/tsp_me[0;33m[0m$ git init
Initialized empty Git repository in /Users/freddydrennan/Documents/programming/rProjects/tsp_me/.git/
]0;~/Documents/programming/rProjects/tsp_me[0;32mfreddydrennan@MNG-IT-M-099[0m:~/Documents/programming/rProjects/tsp_me[0;33m[0m$ git add README.md
]0;~/Documents/programming/rProjects/tsp_me[0;32mfreddydrennan@MNG-IT-M-099[0m:~/Documents/programming/rProjects/tsp_me[0;33m[0m$ git commit -m "first co mmit"
[master (root-commit) 861f925] first commit
 1 file changed, 1 insertion(+)
 create mode 100644 README.md
]0;~/Documents/programming/rProjects/tsp_me[0;32mfreddydrennan@MNG-IT-M-099[0m:~/Documents/programming/rProjects/tsp_me[0;33m (master)[0m$ git remote add  origin git@github.com:fdrennan/ts_yourself.git
]0;~/Documents/programming/rProjects/tsp_me[0;32mfreddydrennan@MNG-IT-M-099[0m:~/Documents/programming/rProjects/tsp_me[0;33m (master)[0m$ git push -u or igin master
Counting objects: 3, done.
Writing objects:  33% (1/3)   Writing objects:  66% (2/3)   Writing objects: 100% (3/3)   Writing objects: 100% (3/3), 229 bytes | 0 bytes/s, done.
Total 3 (delta 0), reused 0 (delta 0)
git add To github.com:fdrennan/ts_yourself.git
 * [new branch]      master -> master
Branch master set up to track remote branch master from origin.
]0;~/Documents/programming/rProjects/tsp_me[0;32mfreddydrennan@MNG-IT-M-099[0m:~/Documents/programming/rProjects/tsp_me[0;33m (master)[0m$ git add --all
]0;~/Documents/programming/rProjects/tsp_me[0;32mfreddydrennan@MNG-IT-M-099[0m:~/Documents/programming/rProjects/tsp_me[0;33m (master)[0m$ git commit -m  'update'
[master 77a6188] update
 10 files changed, 212 insertions(+)
 create mode 100644 .Rproj.user/4723C48C/console06/42D71286
 create mode 100644 .Rproj.user/4723C48C/console06/INDEX001
 create mode 100644 .Rproj.user/4723C48C/sources/prop/A2727DD5
 create mode 100644 .Rproj.user/4723C48C/sources/prop/INDEX
 create mode 100644 .Rproj.user/4723C48C/sources/s-A86829AC/8FB7CF7A
 create mode 100644 .Rproj.user/4723C48C/sources/s-A86829AC/8FB7CF7A-contents
 create mode 100644 .Rproj.user/4723C48C/sources/s-A86829AC/lock_file
 create mode 100644 .Rproj.user/shared/notebooks/patch-chunk-names
 create mode 100644 tsp_me.Rproj
 create mode 100644 tsp_me/app.R
]0;~/Documents/programming/rProjects/tsp_me[0;32mfreddydrennan@MNG-IT-M-099[0m:~/Documents/programming/rProjects/tsp_me[0;33m (master)[0m$ git push origi n master
Counting objects: 19, done.
Delta compression using up to 4 threads.
Compressing objects:   6% (1/15)   Compressing objects:  13% (2/15)   Compressing objects:  20% (3/15)   Compressing objects:  26% (4/15)   Compressing objects:  33% (5/15)   Compressing objects:  40% (6/15)   Compressing objects:  46% (7/15)   Compressing objects:  53% (8/15)   Compressing objects:  60% (9/15)   Compressing objects:  66% (10/15)   Compressing objects:  73% (11/15)   Compressing objects:  80% (12/15)   Compressing objects:  86% (13/15)   Compressing objects:  93% (14/15)   Compressing objects: 100% (15/15)   Compressing objects: 100% (15/15), done.
Writing objects:   5% (1/19)   Writing objects:  10% (2/19)   Writing objects:  15% (3/19)   Writing objects:  21% (4/19)   Writing objects:  26% (5/19)   Writing objects:  31% (6/19)   Writing objects:  36% (7/19)   Writing objects:  42% (8/19)   Writing objects:  47% (9/19)   Writing objects:  52% (10/19)   Writing objects:  57% (11/19)   Writing objects:  63% (12/19)   Writing objects:  68% (13/19)   Writing objects:  73% (14/19)   Writing objects:  78% (15/19)   Writing objects:  84% (16/19)   Writing objects:  89% (17/19)   Writing objects:  94% (18/19)   Writing objects: 100% (19/19)   Writing objects: 100% (19/19), 3.28 KiB | 0 bytes/s, done.
Total 19 (delta 0), reused 0 (delta 0)
To github.com:fdrennan/ts_yourself.git
   861f925..77a6188  master -> master
]0;~/Documents/programming/rProjects/tsp_me[0;32mfreddydrennan@MNG-IT-M-099[0m:~/Documents/programming/rProjects/tsp_me[0;33m (master)[0m$ [K[0;32mfreddydrennan@MNG-IT-M-099[0m:~/Documents/programming/rProjects/tsp_me[0;33m (master)[0m$ [K[0;32mfreddydrennan@MNG-IT-M-099[0m:~/Documents/programming/rProjects/tsp_me[0;33m (master)[0m$ git add --all